[2025-04-16 15:22:19.101] [House] [info] =========================> HOUSE LOG <=========================
[2025-04-16 15:25:04.470] [House] [info] =========================> HOUSE LOG <=========================
[2025-04-16 15:41:47.771] [House] [info] =========================> HOUSE LOG <=========================
[2025-04-16 15:43:28.814] [House] [info] =========================> HOUSE LOG <=========================
[2025-04-17 12:24:05.059] [House] [info] =========================> HOUSE LOG <=========================
[2025-04-17 12:39:35.865] [House] [info] =========================> HOUSE LOG <=========================
[2025-04-17 12:39:45.893] [House] [info] =========================> HOUSE LOG <=========================
[2025-04-17 12:49:51.105] [House] [info] =========================> HOUSE LOG <=========================
[2025-04-17 14:08:14.620] [House] [info] =========================> HOUSE LOG <=========================
[2025-04-17 14:12:23.989] [House] [info] =========================> HOUSE LOG <=========================
[2025-04-17 14:13:55.772] [House] [info] =========================> HOUSE LOG <=========================
[2025-04-17 14:23:53.869] [House] [info] =========================> HOUSE LOG <=========================
[2025-04-17 14:50:08.093] [House] [info] =========================> HOUSE LOG <=========================
[2025-04-17 16:07:39.434] [House] [info] =========================> HOUSE LOG <=========================
[2025-04-20 10:14:50.860] [House] [info] =========================> HOUSE LOG <=========================
[2025-04-20 11:29:27.887] [House] [info] =========================> HOUSE LOG <=========================
[2025-04-20 11:31:05.068] [House] [info] =========================> HOUSE LOG <=========================
[2025-04-20 11:32:53.804] [House] [info] =========================> HOUSE LOG <=========================
[2025-04-20 11:38:25.783] [House] [info] =========================> HOUSE LOG <=========================
[2025-04-20 11:41:49.284] [House] [info] =========================> HOUSE LOG <=========================
[2025-04-20 11:44:11.148] [House] [info] =========================> HOUSE LOG <=========================
[2025-04-20 11:46:55.793] [House] [info] =========================> HOUSE LOG <=========================
[2025-04-20 11:48:53.326] [House] [info] =========================> HOUSE LOG <=========================
[2025-04-20 12:02:06.194] [House] [info] =========================> HOUSE LOG <=========================
[2025-04-20 12:10:07.151] [House] [info] =========================> HOUSE LOG <=========================
[2025-04-20 14:40:57.754] [House] [info] =========================> HOUSE LOG <=========================
[2025-04-20 19:17:06.443] [House] [info] =========================> HOUSE LOG <=========================
[2025-04-20 19:20:37.267] [House] [info] =========================> HOUSE LOG <=========================
[2025-04-20 19:38:21.259] [House] [info] =========================> HOUSE LOG <=========================
[2025-04-20 19:38:24.875] [House] [info] =========================> HOUSE LOG <=========================
[2025-04-20 19:43:31.065] [House] [info] =========================> HOUSE LOG <=========================
[2025-05-14 09:27:44.168] [House] [info] =========================> HOUSE LOG <=========================
[2025-05-14 09:30:22.572] [House] [info] =========================> HOUSE LOG <=========================
[2025-05-14 09:33:40.722] [House] [info] =========================> HOUSE LOG <=========================
[2025-05-14 09:37:16.551] [House] [info] =========================> HOUSE LOG <=========================
[2025-05-23 11:21:36.903] [House] [info] =========================> HOUSE LOG <=========================
[2025-05-23 11:27:26.315] [House] [info] =========================> HOUSE LOG <=========================
[2025-05-23 12:05:37.418] [House] [info] =========================> HOUSE LOG <=========================
[2025-05-23 12:10:58.094] [House] [info] =========================> HOUSE LOG <=========================
[2025-05-23 12:15:20.204] [House] [info] =========================> HOUSE LOG <=========================
[2025-05-30 15:08:15.022] [House] [info] =========================> HOUSE LOG <=========================
[2025-05-30 15:39:13.029] [House] [info] =========================> HOUSE LOG <=========================
[2025-05-30 15:55:52.669] [House] [info] =========================> HOUSE LOG <=========================
[2025-05-30 16:06:00.710] [House] [info] =========================> HOUSE LOG <=========================
[2025-06-02 07:19:22.590] [House] [info] =========================> HOUSE LOG <=========================
[2025-06-02 07:27:01.459] [House] [info] =========================> HOUSE LOG <=========================
[2025-06-02 07:43:57.040] [House] [info] =========================> HOUSE LOG <=========================
[2025-06-02 08:15:51.609] [House] [info] =========================> HOUSE LOG <=========================
[2025-06-02 08:24:32.381] [House] [info] =========================> HOUSE LOG <=========================
[2025-06-02 08:31:11.589] [House] [info] =========================> HOUSE LOG <=========================
[2025-06-02 08:32:24.984] [House] [info] =========================> HOUSE LOG <=========================
[2025-06-02 08:34:16.618] [House] [info] =========================> HOUSE LOG <=========================
[2025-06-02 08:38:04.640] [House] [info] =========================> HOUSE LOG <=========================
[2025-06-02 08:39:33.062] [House] [info] =========================> HOUSE LOG <=========================
[2025-06-02 08:42:37.503] [House] [info] =========================> HOUSE LOG <=========================
[2025-06-03 13:47:07.755] [House] [info] =========================> HOUSE LOG <=========================
[2025-06-03 13:47:18.460] [House] [info] =========================> HOUSE LOG <=========================
[2025-06-03 14:20:32.397] [House] [info] =========================> HOUSE LOG <=========================
[2025-06-03 14:20:54.664] [House] [info] =========================> HOUSE LOG <=========================
[2025-06-03 14:21:00.691] [House] [info] =========================> HOUSE LOG <=========================
[2025-06-03 15:07:28.797] [House] [info] =========================> HOUSE LOG <=========================
[2025-06-03 15:11:40.139] [House] [info] =========================> HOUSE LOG <=========================
[2025-06-03 15:16:47.459] [House] [info] =========================> HOUSE LOG <=========================
[2025-06-03 16:09:57.108] [House] [info] =========================> HOUSE LOG <=========================
[2025-06-03 16:28:30.728] [House] [info] =========================> HOUSE LOG <=========================
[2025-06-03 16:30:21.553] [House] [info] =========================> HOUSE LOG <=========================
[2025-06-04 08:19:19.036] [House] [info] =========================> HOUSE LOG <=========================
[2025-06-04 09:02:23.444] [House] [info] =========================> HOUSE LOG <=========================
[2025-06-04 10:37:24.741] [House] [info] =========================> HOUSE LOG <=========================
[2025-06-04 10:38:40.519] [House] [info] =========================> HOUSE LOG <=========================
[2025-06-04 10:48:10.352] [House] [info] =========================> HOUSE LOG <=========================
[2025-06-04 10:49:05.935] [House] [info] =========================> HOUSE LOG <=========================
[2025-06-04 10:51:33.013] [House] [info] =========================> HOUSE LOG <=========================
[2025-06-04 10:51:40.150] [House] [info] =========================> HOUSE LOG <=========================
[2025-06-04 11:00:11.175] [House] [info] =========================> HOUSE LOG <=========================
[2025-06-04 11:13:00.808] [House] [info] =========================> HOUSE LOG <=========================
[2025-06-04 11:17:13.636] [House] [info] =========================> HOUSE LOG <=========================
[2025-06-04 11:32:03.404] [House] [info] =========================> HOUSE LOG <=========================
[2025-06-04 14:05:42.321] [House] [info] =========================> HOUSE LOG <=========================
[2025-06-04 14:10:27.745] [House] [info] =========================> HOUSE LOG <=========================
[2025-06-04 14:12:55.936] [House] [info] =========================> HOUSE LOG <=========================
[2025-06-04 14:14:59.038] [House] [info] =========================> HOUSE LOG <=========================
[2025-06-04 14:17:48.262] [House] [info] =========================> HOUSE LOG <=========================
[2025-06-04 14:21:56.906] [House] [info] =========================> HOUSE LOG <=========================
[2025-06-04 14:27:21.255] [House] [info] =========================> HOUSE LOG <=========================
[2025-06-04 14:31:22.786] [House] [info] =========================> HOUSE LOG <=========================
[2025-06-04 16:27:56.912] [House] [info] =========================> HOUSE LOG <=========================
[2025-06-04 16:31:24.693] [House] [info] =========================> HOUSE LOG <=========================
[2025-06-05 08:26:35.476] [House] [info] =========================> HOUSE LOG <=========================
[2025-06-12 16:14:22.443] [House] [info] =========================> HOUSE LOG <=========================
[2025-06-12 16:48:40.347] [House] [info] =========================> HOUSE LOG <=========================
[2025-06-12 17:06:38.437] [House] [info] =========================> HOUSE LOG <=========================
[2025-06-12 17:10:35.416] [House] [info] =========================> HOUSE LOG <=========================
[2025-06-12 17:10:51.708] [House] [info] =========================> HOUSE LOG <=========================
[2025-06-12 17:14:48.232] [House] [info] =========================> HOUSE LOG <=========================
[2025-06-12 17:16:24.501] [House] [info] =========================> HOUSE LOG <=========================
[2025-06-12 17:18:34.781] [House] [info] =========================> HOUSE LOG <=========================
[2025-06-12 17:20:53.719] [House] [info] =========================> HOUSE LOG <=========================
[2025-06-12 17:23:55.940] [House] [info] =========================> HOUSE LOG <=========================
[2025-06-12 17:27:10.703] [House] [info] =========================> HOUSE LOG <=========================
[2025-06-12 17:27:29.445] [House] [info] =========================> HOUSE LOG <=========================
[2025-06-14 23:00:07.021] [House] [info] =========================> HOUSE LOG <=========================
[2025-06-14 23:04:17.603] [House] [info] =========================> HOUSE LOG <=========================
[2025-06-14 23:15:38.611] [House] [info] =========================> HOUSE LOG <=========================
[2025-06-14 23:21:57.762] [House] [info] =========================> HOUSE LOG <=========================
[2025-06-19 14:16:41.596] [House] [info] =========================> HOUSE LOG <=========================
[2025-06-19 14:19:49.877] [House] [info] =========================> HOUSE LOG <=========================
[2025-06-19 15:19:55.231] [House] [info] =========================> HOUSE LOG <=========================
[2025-09-12 06:49:47.188] [House] [info] =========================> HOUSE LOG <=========================
[2025-09-12 06:49:56.116] [House] [info] =========================> HOUSE LOG <=========================
[2025-09-12 07:04:02.565] [House] [info] =========================> HOUSE LOG <=========================
[2025-09-12 08:10:21.594] [House] [info] =========================> HOUSE LOG <=========================
[2025-09-12 08:57:13.690] [House] [info] =========================> HOUSE LOG <=========================
[2025-09-12 09:18:16.687] [House] [info] =========================> HOUSE LOG <=========================
[2025-09-12 09:19:14.734] [House] [info] =========================> HOUSE LOG <=========================
[2025-09-12 09:25:42.825] [House] [info] =========================> HOUSE LOG <=========================
[2025-09-12 09:47:33.908] [House] [info] =========================> HOUSE LOG <=========================
[2025-09-12 10:23:32.281] [House] [info] =========================> HOUSE LOG <=========================
[2025-09-12 10:27:49.144] [House] [info] =========================> HOUSE LOG <=========================
[2025-09-12 10:32:36.569] [House] [info] =========================> HOUSE LOG <=========================
[2025-09-12 10:53:38.463] [House] [info] =========================> HOUSE LOG <=========================
[2025-09-12 11:08:28.129] [House] [info] =========================> HOUSE LOG <=========================
[2025-09-12 11:09:40.803] [House] [info] =========================> HOUSE LOG <=========================
[2025-09-12 11:31:31.368] [House] [info] =========================> HOUSE LOG <=========================
[2025-09-12 21:42:22.716] [House] [info] =========================> HOUSE LOG <=========================
[2025-09-13 06:03:00.368] [House] [info] Paying houses...
[2025-09-13 06:03:00.372] [House] [info] Player did not pay house rent, sending pay warning. GUID:3, Warnings:0, HouseID:109
[2025-09-13 06:03:00.372] [House] [info] Knight did not pay house rent for 1 days. House ID 109
[2025-09-13 08:56:22.634] [House] [info] =========================> HOUSE LOG <=========================
[2025-09-14 23:05:10.963] [House] [info] =========================> HOUSE LOG <=========================
[2025-09-15 06:03:00.975] [House] [info] Paying houses...
[2025-09-15 06:03:00.985] [House] [info] Knight could not pay house ID 109 for 5550 rent using any depot.
[2025-09-15 06:03:00.985] [House] [info] Player did not pay house rent, sending pay warning. GUID:3, Warnings:1, HouseID:109
[2025-09-15 06:03:00.985] [House] [info] Knight did not pay house rent for 2 days. House ID 109
[2025-09-15 06:42:32.393] [House] [info] =========================> HOUSE LOG <=========================
[2025-09-15 08:25:48.476] [House] [info] =========================> HOUSE LOG <=========================
[2025-09-15 08:42:16.543] [House] [info] =========================> HOUSE LOG <=========================
[2025-09-15 08:44:43.986] [House] [info] =========================> HOUSE LOG <=========================
[2025-09-15 08:46:00.096] [House] [info] =========================> HOUSE LOG <=========================
[2025-09-15 09:18:27.757] [House] [info] =========================> HOUSE LOG <=========================
[2025-09-15 09:20:20.372] [House] [info] =========================> HOUSE LOG <=========================
[2025-09-15 11:16:29.599] [House] [info] =========================> HOUSE LOG <=========================
[2025-09-16 18:35:03.647] [House] [info] =========================> HOUSE LOG <=========================
[2025-09-16 19:53:47.800] [House] [info] =========================> HOUSE LOG <=========================
[2025-09-16 21:08:36.335] [House] [info] =========================> HOUSE LOG <=========================
[2025-09-16 21:12:24.833] [House] [info] =========================> HOUSE LOG <=========================
[2025-09-16 21:15:01.208] [House] [info] =========================> HOUSE LOG <=========================
[2025-09-16 22:36:34.111] [House] [info] =========================> HOUSE LOG <=========================
[2025-09-17 06:03:00.245] [House] [info] Paying houses...
[2025-09-17 06:03:00.253] [House] [info] Knight could not pay house ID 109 for 5550 rent using any depot.
[2025-09-17 06:03:00.253] [House] [info] Player did not pay house rent, sending pay warning. GUID:3, Warnings:2, HouseID:109
[2025-09-17 06:03:00.253] [House] [info] Knight did not pay house rent for 3 days. House ID 109
[2025-09-17 08:18:50.317] [House] [info] =========================> HOUSE LOG <=========================
[2025-09-17 16:55:12.981] [House] [info] =========================> HOUSE LOG <=========================
[2025-09-17 17:48:52.475] [House] [info] =========================> HOUSE LOG <=========================
[2025-09-17 18:39:37.489] [House] [info] =========================> HOUSE LOG <=========================
[2025-09-17 18:47:24.703] [House] [info] =========================> HOUSE LOG <=========================
[2025-09-17 18:59:02.440] [House] [info] =========================> HOUSE LOG <=========================
[2025-09-18 13:39:33.394] [House] [info] =========================> HOUSE LOG <=========================
