[2025-04-16 15:22:19.101] [NPC] [info] =========================> NPC LOG <=========================
[2025-04-16 15:25:04.470] [NPC] [info] =========================> NPC LOG <=========================
[2025-04-16 15:41:47.771] [NPC] [info] =========================> NPC LOG <=========================
[2025-04-16 15:43:28.814] [NPC] [info] =========================> NPC LOG <=========================
[2025-04-17 12:24:05.059] [NPC] [info] =========================> NPC LOG <=========================
[2025-04-17 12:39:35.865] [NPC] [info] =========================> NPC LOG <=========================
[2025-04-17 12:39:45.893] [NPC] [info] =========================> NPC LOG <=========================
[2025-04-17 12:49:51.105] [NPC] [info] =========================> NPC LOG <=========================
[2025-04-17 14:08:14.620] [NPC] [info] =========================> NPC LOG <=========================
[2025-04-17 14:12:23.989] [NPC] [info] =========================> NPC LOG <=========================
[2025-04-17 14:13:55.772] [NPC] [info] =========================> NPC LOG <=========================
[2025-04-17 14:23:53.869] [NPC] [info] =========================> NPC LOG <=========================
[2025-04-17 14:50:08.093] [NPC] [info] =========================> NPC LOG <=========================
[2025-04-17 16:07:39.434] [NPC] [info] =========================> NPC LOG <=========================
[2025-04-20 10:14:50.860] [NPC] [info] =========================> NPC LOG <=========================
[2025-04-20 11:29:27.887] [NPC] [info] =========================> NPC LOG <=========================
[2025-04-20 11:31:05.068] [NPC] [info] =========================> NPC LOG <=========================
[2025-04-20 11:32:53.804] [NPC] [info] =========================> NPC LOG <=========================
[2025-04-20 11:38:25.783] [NPC] [info] =========================> NPC LOG <=========================
[2025-04-20 11:41:49.284] [NPC] [info] =========================> NPC LOG <=========================
[2025-04-20 11:44:11.148] [NPC] [info] =========================> NPC LOG <=========================
[2025-04-20 11:46:55.793] [NPC] [info] =========================> NPC LOG <=========================
[2025-04-20 11:48:53.326] [NPC] [info] =========================> NPC LOG <=========================
[2025-04-20 12:02:06.194] [NPC] [info] =========================> NPC LOG <=========================
[2025-04-20 12:10:07.151] [NPC] [info] =========================> NPC LOG <=========================
[2025-04-20 14:40:57.754] [NPC] [info] =========================> NPC LOG <=========================
[2025-04-20 19:17:06.443] [NPC] [info] =========================> NPC LOG <=========================
[2025-04-20 19:20:37.267] [NPC] [info] =========================> NPC LOG <=========================
[2025-04-20 19:38:21.259] [NPC] [info] =========================> NPC LOG <=========================
[2025-04-20 19:38:24.875] [NPC] [info] =========================> NPC LOG <=========================
[2025-04-20 19:43:31.065] [NPC] [info] =========================> NPC LOG <=========================
[2025-05-14 09:27:44.168] [NPC] [info] =========================> NPC LOG <=========================
[2025-05-14 09:30:22.572] [NPC] [info] =========================> NPC LOG <=========================
[2025-05-14 09:33:40.722] [NPC] [info] =========================> NPC LOG <=========================
[2025-05-14 09:37:16.551] [NPC] [info] =========================> NPC LOG <=========================
[2025-05-23 11:21:36.903] [NPC] [info] =========================> NPC LOG <=========================
[2025-05-23 11:27:26.315] [NPC] [info] =========================> NPC LOG <=========================
[2025-05-23 12:05:37.418] [NPC] [info] =========================> NPC LOG <=========================
[2025-05-23 12:10:58.094] [NPC] [info] =========================> NPC LOG <=========================
[2025-05-23 12:15:20.204] [NPC] [info] =========================> NPC LOG <=========================
[2025-05-30 15:08:15.022] [NPC] [info] =========================> NPC LOG <=========================
[2025-05-30 15:39:13.029] [NPC] [info] =========================> NPC LOG <=========================
[2025-05-30 15:55:52.669] [NPC] [info] =========================> NPC LOG <=========================
[2025-05-30 16:06:00.710] [NPC] [info] =========================> NPC LOG <=========================
[2025-06-02 07:19:22.590] [NPC] [info] =========================> NPC LOG <=========================
[2025-06-02 07:27:01.459] [NPC] [info] =========================> NPC LOG <=========================
[2025-06-02 07:43:57.040] [NPC] [info] =========================> NPC LOG <=========================
[2025-06-02 08:15:51.609] [NPC] [info] =========================> NPC LOG <=========================
[2025-06-02 08:24:32.381] [NPC] [info] =========================> NPC LOG <=========================
[2025-06-02 08:31:11.589] [NPC] [info] =========================> NPC LOG <=========================
[2025-06-02 08:32:24.984] [NPC] [info] =========================> NPC LOG <=========================
[2025-06-02 08:34:16.618] [NPC] [info] =========================> NPC LOG <=========================
[2025-06-02 08:38:04.640] [NPC] [info] =========================> NPC LOG <=========================
[2025-06-02 08:39:33.062] [NPC] [info] =========================> NPC LOG <=========================
[2025-06-02 08:42:37.503] [NPC] [info] =========================> NPC LOG <=========================
[2025-06-03 13:47:07.755] [NPC] [info] =========================> NPC LOG <=========================
[2025-06-03 13:47:18.460] [NPC] [info] =========================> NPC LOG <=========================
[2025-06-03 14:20:32.397] [NPC] [info] =========================> NPC LOG <=========================
[2025-06-03 14:20:54.664] [NPC] [info] =========================> NPC LOG <=========================
[2025-06-03 14:21:00.691] [NPC] [info] =========================> NPC LOG <=========================
[2025-06-03 15:07:28.797] [NPC] [info] =========================> NPC LOG <=========================
[2025-06-03 15:11:40.139] [NPC] [info] =========================> NPC LOG <=========================
[2025-06-03 15:16:47.459] [NPC] [info] =========================> NPC LOG <=========================
[2025-06-03 16:09:57.108] [NPC] [info] =========================> NPC LOG <=========================
[2025-06-03 16:28:30.728] [NPC] [info] =========================> NPC LOG <=========================
[2025-06-03 16:30:21.553] [NPC] [info] =========================> NPC LOG <=========================
[2025-06-04 08:19:19.036] [NPC] [info] =========================> NPC LOG <=========================
[2025-06-04 09:02:23.444] [NPC] [info] =========================> NPC LOG <=========================
[2025-06-04 10:37:24.741] [NPC] [info] =========================> NPC LOG <=========================
[2025-06-04 10:38:40.519] [NPC] [info] =========================> NPC LOG <=========================
[2025-06-04 10:48:10.352] [NPC] [info] =========================> NPC LOG <=========================
[2025-06-04 10:49:05.935] [NPC] [info] =========================> NPC LOG <=========================
[2025-06-04 10:51:33.013] [NPC] [info] =========================> NPC LOG <=========================
[2025-06-04 10:51:40.150] [NPC] [info] =========================> NPC LOG <=========================
[2025-06-04 11:00:11.175] [NPC] [info] =========================> NPC LOG <=========================
[2025-06-04 11:13:00.808] [NPC] [info] =========================> NPC LOG <=========================
[2025-06-04 11:17:13.636] [NPC] [info] =========================> NPC LOG <=========================
[2025-06-04 11:32:03.404] [NPC] [info] =========================> NPC LOG <=========================
[2025-06-04 14:05:42.321] [NPC] [info] =========================> NPC LOG <=========================
[2025-06-04 14:10:27.745] [NPC] [info] =========================> NPC LOG <=========================
[2025-06-04 14:12:55.936] [NPC] [info] =========================> NPC LOG <=========================
[2025-06-04 14:14:59.038] [NPC] [info] =========================> NPC LOG <=========================
[2025-06-04 14:17:48.262] [NPC] [info] =========================> NPC LOG <=========================
[2025-06-04 14:21:56.906] [NPC] [info] =========================> NPC LOG <=========================
[2025-06-04 14:27:21.255] [NPC] [info] =========================> NPC LOG <=========================
[2025-06-04 14:31:22.786] [NPC] [info] =========================> NPC LOG <=========================
[2025-06-04 16:27:56.912] [NPC] [info] =========================> NPC LOG <=========================
[2025-06-04 16:31:24.693] [NPC] [info] =========================> NPC LOG <=========================
[2025-06-05 08:26:35.476] [NPC] [info] =========================> NPC LOG <=========================
[2025-06-12 16:14:22.443] [NPC] [info] =========================> NPC LOG <=========================
[2025-06-12 16:48:40.347] [NPC] [info] =========================> NPC LOG <=========================
[2025-06-12 17:06:38.437] [NPC] [info] =========================> NPC LOG <=========================
[2025-06-12 17:10:35.416] [NPC] [info] =========================> NPC LOG <=========================
[2025-06-12 17:10:51.708] [NPC] [info] =========================> NPC LOG <=========================
[2025-06-12 17:14:48.232] [NPC] [info] =========================> NPC LOG <=========================
[2025-06-12 17:16:24.501] [NPC] [info] =========================> NPC LOG <=========================
[2025-06-12 17:18:34.781] [NPC] [info] =========================> NPC LOG <=========================
[2025-06-12 17:20:53.719] [NPC] [info] =========================> NPC LOG <=========================
[2025-06-12 17:23:55.940] [NPC] [info] =========================> NPC LOG <=========================
[2025-06-12 17:27:10.703] [NPC] [info] =========================> NPC LOG <=========================
[2025-06-12 17:27:29.445] [NPC] [info] =========================> NPC LOG <=========================
[2025-06-14 23:00:07.021] [NPC] [info] =========================> NPC LOG <=========================
[2025-06-14 23:04:17.603] [NPC] [info] =========================> NPC LOG <=========================
[2025-06-14 23:15:38.611] [NPC] [info] =========================> NPC LOG <=========================
[2025-06-14 23:21:57.762] [NPC] [info] =========================> NPC LOG <=========================
[2025-06-19 14:16:41.596] [NPC] [info] =========================> NPC LOG <=========================
[2025-06-19 14:19:49.877] [NPC] [info] =========================> NPC LOG <=========================
[2025-06-19 15:19:55.231] [NPC] [info] =========================> NPC LOG <=========================
[2025-09-12 06:49:47.188] [NPC] [info] =========================> NPC LOG <=========================
[2025-09-12 06:49:56.116] [NPC] [info] =========================> NPC LOG <=========================
[2025-09-12 07:04:02.565] [NPC] [info] =========================> NPC LOG <=========================
[2025-09-12 08:10:21.594] [NPC] [info] =========================> NPC LOG <=========================
[2025-09-12 08:57:13.690] [NPC] [info] =========================> NPC LOG <=========================
[2025-09-12 09:18:16.687] [NPC] [info] =========================> NPC LOG <=========================
[2025-09-12 09:19:14.734] [NPC] [info] =========================> NPC LOG <=========================
[2025-09-12 09:25:42.825] [NPC] [info] =========================> NPC LOG <=========================
[2025-09-12 09:47:33.908] [NPC] [info] =========================> NPC LOG <=========================
[2025-09-12 10:23:32.281] [NPC] [info] =========================> NPC LOG <=========================
[2025-09-12 10:27:49.144] [NPC] [info] =========================> NPC LOG <=========================
[2025-09-12 10:32:36.569] [NPC] [info] =========================> NPC LOG <=========================
[2025-09-12 10:53:38.463] [NPC] [info] =========================> NPC LOG <=========================
[2025-09-12 11:08:28.129] [NPC] [info] =========================> NPC LOG <=========================
[2025-09-12 11:09:40.803] [NPC] [info] =========================> NPC LOG <=========================
[2025-09-12 11:31:31.368] [NPC] [info] =========================> NPC LOG <=========================
[2025-09-12 21:42:22.716] [NPC] [info] =========================> NPC LOG <=========================
[2025-09-13 08:56:22.634] [NPC] [info] =========================> NPC LOG <=========================
[2025-09-13 10:14:51.440] [NPC] [info] Digger -> Very Krazy DELETEMONEY (2020)
[2025-09-13 10:14:51.440] [NPC] [info] Digger -> Very Krazy CREATECONTAINER (2001,2006)
[2025-09-13 10:40:46.923] [NPC] [info] Captain Fearless -> Very Krazy DELETEMONEY (170)
[2025-09-13 10:52:39.317] [NPC] [info] Captain Bluebear -> Very Krazy DELETEMONEY (170)
[2025-09-13 10:52:50.721] [NPC] [info] Captain Fearless -> Very Krazy DELETEMONEY (60)
[2025-09-13 11:09:48.414] [NPC] [info] Captain Fearless -> Very Krazy DELETEMONEY (60)
[2025-09-13 11:40:49.346] [NPC] [info] Petros -> Very Krazy DELETEMONEY (60)
[2025-09-13 11:40:53.896] [NPC] [info] Captain Fearless -> Very Krazy DELETEMONEY (170)
[2025-09-14 23:05:10.963] [NPC] [info] =========================> NPC LOG <=========================
[2025-09-15 06:42:32.393] [NPC] [info] =========================> NPC LOG <=========================
[2025-09-15 08:07:17.219] [NPC] [info] Captain Bluebear -> Very Krazy DELETEMONEY (170)
[2025-09-15 08:07:20.899] [NPC] [info] Captain Fearless -> Very Krazy DELETEMONEY (40)
[2025-09-15 08:25:48.476] [NPC] [info] =========================> NPC LOG <=========================
[2025-09-15 08:42:16.543] [NPC] [info] =========================> NPC LOG <=========================
[2025-09-15 08:44:43.986] [NPC] [info] =========================> NPC LOG <=========================
[2025-09-15 08:46:00.096] [NPC] [info] =========================> NPC LOG <=========================
[2025-09-15 09:18:27.757] [NPC] [info] =========================> NPC LOG <=========================
[2025-09-15 09:20:20.372] [NPC] [info] =========================> NPC LOG <=========================
[2025-09-15 09:35:59.727] [NPC] [info] Captain Fearless -> Very Krazy DELETEMONEY (130)
[2025-09-15 09:37:07.090] [NPC] [info] Queen Eloise -> Very Krazy PROMOTE
[2025-09-15 09:37:07.090] [NPC] [info] Queen Eloise -> Very Krazy DELETEMONEY (20000)
[2025-09-15 09:38:12.002] [NPC] [info] Captain Greyhound -> Very Krazy DELETEMONEY (130)
[2025-09-15 09:38:16.066] [NPC] [info] Captain Fearless -> Very Krazy DELETEMONEY (60)
[2025-09-15 10:25:57.703] [NPC] [info] Captain Fearless -> Very Krazy DELETEMONEY (170)
[2025-09-15 10:39:13.347] [NPC] [info] Captain Bluebear -> Very Krazy DELETEMONEY (170)
[2025-09-15 10:39:28.396] [NPC] [info] Captain Fearless -> Very Krazy DELETEMONEY (40)
[2025-09-15 11:16:29.599] [NPC] [info] =========================> NPC LOG <=========================
[2025-09-15 11:51:52.717] [NPC] [info] Captain Fearless -> Very Krazy DELETEMONEY (40)
[2025-09-15 14:01:31.728] [NPC] [info] Captain Fearless -> Very Krazy DELETEMONEY (150)
[2025-09-16 18:35:03.647] [NPC] [info] =========================> NPC LOG <=========================
[2025-09-16 19:53:47.800] [NPC] [info] =========================> NPC LOG <=========================
[2025-09-16 21:08:36.335] [NPC] [info] =========================> NPC LOG <=========================
[2025-09-16 21:12:24.833] [NPC] [info] =========================> NPC LOG <=========================
[2025-09-16 21:15:01.208] [NPC] [info] =========================> NPC LOG <=========================
[2025-09-16 22:36:34.111] [NPC] [info] =========================> NPC LOG <=========================
[2025-09-17 08:18:50.317] [NPC] [info] =========================> NPC LOG <=========================
[2025-09-17 14:03:05.301] [NPC] [info] King Tibianus -> Manolo Man PROMOTE
[2025-09-17 14:03:05.301] [NPC] [info] King Tibianus -> Manolo Man DELETEMONEY (20000)
[2025-09-17 16:55:12.981] [NPC] [info] =========================> NPC LOG <=========================
[2025-09-17 17:48:52.475] [NPC] [info] =========================> NPC LOG <=========================
[2025-09-17 18:39:37.489] [NPC] [info] =========================> NPC LOG <=========================
[2025-09-17 18:47:24.703] [NPC] [info] =========================> NPC LOG <=========================
[2025-09-17 18:59:02.440] [NPC] [info] =========================> NPC LOG <=========================
[2025-09-18 13:39:33.394] [NPC] [info] =========================> NPC LOG <=========================
